<?xml version="1.0" encoding="UTF-8"?>
<testsuites name="jest tests" tests="1" failures="0" errors="0" time="0.462">
  <testsuite name="undefined" errors="0" failures="0" skipped="0" timestamp="2025-06-22T13:01:30" time="0.173" tests="1">
    <testcase classname=" renders test setup correctly" name=" renders test setup correctly" time="0.009">
    </testcase>
  </testsuite>
</testsuites>